// Vitest Snapshot v1, https://vitest.dev/guide/snapshot.html

exports[`Navbar.svelte > should render logged in 1`] = `"<div><header class="navbar"><div class="navbar-start flex gap-2"><div class="prose"><h1>613</h1></div> <div class="prose hidden md:block"><h1>Stanford Dr</h1></div></div> <div class="navbar-center space-x-2"><a class="btn" href="/">Home</a> <a class="btn" href="/pool" data-sveltekit-preload-data="">Pool</a></div> <div class="navbar-end space-x-1"><p class="prose hidden md:block">Welcome, <span class="italic font-bold">test user</span></p> <a class="btn-circle" href="/profiles/test-user-uid"><img src="https://example.com/mock-user-photo.jpg" alt="test user" class="h-12 w-12 rounded-full"></a> <button class="btn hidden md:block">Log Out</button><!--<MockDoc>--><!--<MockSignedIn>--> <!--<MockSignedOut>--></div></header><!--<Navbar>--></div>"`;

exports[`Navbar.svelte > should render logged out 1`] = `
"<div><header class="navbar"><div class="navbar-start flex gap-2"><div class="prose"><h1>613</h1></div> <div class="prose hidden md:block"><h1>Stanford Dr</h1></div></div> <div class="navbar-center space-x-2"><a class="btn" href="/">Home</a> <a class="btn" href="/pool" data-sveltekit-preload-data="">Pool</a></div> <div class="navbar-end space-x-1"><!--<MockSignedIn>--> <button class="btn"><i class="fa-brands fa-google fa-xl" style="color: rgb(235, 77, 39);"></i>
				Sign In with Google</button><!--<MockSignedOut>--></div></header><!--<Navbar>--></div>"
`;
